[backblue.gif]
[fade.gif]
[index.html]
[www.cliptheme.com/preview/admin/clip-one/favicon.ico]
[www.cliptheme.com/preview/admin/clip-one/assets/images/avatar-2.jpg]
[www.cliptheme.com/preview/admin/clip-one/assets/images/avatar-1.jpg]
[www.cliptheme.com/preview/admin/clip-one/assets/images/avatar-3.jpg]
[www.cliptheme.com/preview/admin/clip-one/assets/images/avatar-5.jpg]
[www.cliptheme.com/preview/admin/clip-one/assets/images/avatar-1-small.jpg]
[www.cliptheme.com/preview/admin/clip-one/assets/images/bg.png]
[www.cliptheme.com/preview/admin/clip-one/assets/images/bg_2.png]
[www.cliptheme.com/preview/admin/clip-one/assets/images/bg_3.png]
[www.cliptheme.com/preview/admin/clip-one/assets/images/bg_4.png]
[www.cliptheme.com/preview/admin/clip-one/assets/images/bg_5.png]
[www.cliptheme.com/preview/admin/clip-one/assets/images/lightgrey.png]
[www.cliptheme.com/preview/admin/clip-one/assets/images/darkgrey.png]
[www.cliptheme.com/preview/admin/clip-one/assets/images/blackandwhite.png]
[www.cliptheme.com/preview/admin/clip-one/assets/images/navy.png]
[www.cliptheme.com/preview/admin/clip-one/assets/images/green.png]
[www.cliptheme.com/preview/admin/clip-one/assets/images/avatar-4.jpg]
[www.cliptheme.com/preview/admin/clip-one/assets/images/avatar-6.jpg]
[www.cliptheme.com/preview/admin/clip-one/assets/images/avatar-7.jpg]
[www.cliptheme.com/preview/admin/clip-one/assets/images/avatar-8.jpg]
[www.cliptheme.com/preview/admin/clip-one/assets/images/avatar-9.jpg]
[www.cliptheme.com/preview/admin/clip-one/assets/images/avatar-10.jpg]
[www.cliptheme.com/preview/admin/clip-one/assets/plugins/jQuery-lib/2.0.3/jquery.min.js]
[www.cliptheme.com/preview/admin/clip-one/assets/plugins/jquery-ui/jquery-ui-1.10.2.custom.min.js]
[www.cliptheme.com/preview/admin/clip-one/assets/plugins/bootstrap/js/bootstrap.min.js]
[www.cliptheme.com/preview/admin/clip-one/assets/plugins/bootstrap-hover-dropdown/bootstrap-hover-dropdown.min.js]
[www.cliptheme.com/preview/admin/clip-one/assets/plugins/blockUI/jquery.blockUI.js]
[www.cliptheme.com/preview/admin/clip-one/assets/plugins/iCheck/jquery.icheck.min.js]
[www.cliptheme.com/preview/admin/clip-one/assets/plugins/perfect-scrollbar/src/jquery.mousewheel.js]
[www.cliptheme.com/preview/admin/clip-one/assets/plugins/perfect-scrollbar/src/perfect-scrollbar.js]
[www.cliptheme.com/preview/admin/clip-one/assets/plugins/less/less-1.5.0.min.js]
[www.cliptheme.com/preview/admin/clip-one/assets/plugins/jquery-cookie/jquery.cookie.js]
[www.cliptheme.com/preview/admin/clip-one/assets/plugins/bootstrap-colorpalette/js/bootstrap-colorpalette.js]
[www.cliptheme.com/preview/admin/clip-one/assets/js/main.js]
[www.cliptheme.com/preview/admin/clip-one/assets/plugins/bootstrap-paginator/src/bootstrap-paginator.js]
[www.cliptheme.com/preview/admin/clip-one/assets/plugins/jquery.pulsate/jquery.pulsate.min.js]
[www.cliptheme.com/preview/admin/clip-one/assets/plugins/gritter/js/jquery.gritter.min.js]
[www.cliptheme.com/preview/admin/clip-one/assets/js/ui-elements.js]
[www.cliptheme.com/preview/admin/clip-one/ui_elements.html]
[www.cliptheme.com/preview/admin/clip-one/assets/plugins/bootstrap/fonts/glyphicons-halflings-regular.eot]
[www.cliptheme.com/preview/admin/clip-one/assets/plugins/bootstrap/fonts/glyphicons-halflings-regular.woff]
[www.cliptheme.com/preview/admin/clip-one/assets/plugins/bootstrap/fonts/glyphicons-halflings-regular.ttf]
[www.cliptheme.com/preview/admin/clip-one/assets/plugins/bootstrap/fonts/glyphicons-halflings-regulard41d.eot]
[www.cliptheme.com/preview/admin/clip-one/assets/plugins/bootstrap/css/bootstrap.min.css]
[www.cliptheme.com/preview/admin/clip-one/assets/plugins/font-awesome/fonts/fontawesome-webfont862f.eot]
[www.cliptheme.com/preview/admin/clip-one/assets/plugins/font-awesome/fonts/fontawesome-webfontd41d.eot]
[www.cliptheme.com/preview/admin/clip-one/assets/plugins/font-awesome/fonts/fontawesome-webfont862f.woff]
[www.cliptheme.com/preview/admin/clip-one/assets/plugins/font-awesome/fonts/fontawesome-webfont862f.ttf]
[www.cliptheme.com/preview/admin/clip-one/assets/plugins/font-awesome/css/font-awesome.min.css]
[www.cliptheme.com/preview/admin/clip-one/assets/fonts/fonts/clip-font.eot]
[www.cliptheme.com/preview/admin/clip-one/assets/fonts/fonts/clip-font.woff]
[www.cliptheme.com/preview/admin/clip-one/assets/fonts/fonts/clip-fontd41d.eot]
[www.cliptheme.com/preview/admin/clip-one/assets/fonts/fonts/clip-font.ttf]
[www.cliptheme.com/preview/admin/clip-one/assets/fonts/style.css]
[www.cliptheme.com/preview/admin/clip-one/assets/images/timer-piece.png]
[www.cliptheme.com/preview/admin/clip-one/assets/css/main.css]
[www.cliptheme.com/preview/admin/clip-one/assets/images/menu-white-arrow.png]
[www.cliptheme.com/preview/admin/clip-one/assets/css/main-responsive.css]
[www.cliptheme.com/preview/admin/clip-one/assets/plugins/iCheck/skins/all.css]
[www.cliptheme.com/preview/admin/clip-one/assets/plugins/bootstrap-colorpalette/css/bootstrap-colorpalette.css]
[www.cliptheme.com/preview/admin/clip-one/assets/plugins/perfect-scrollbar/src/perfect-scrollbar.css]
[www.cliptheme.com/preview/admin/clip-one/assets/css/theme_light.css]
[www.cliptheme.com/preview/admin/clip-one/assets/css/print.css]
[www.cliptheme.com/preview/admin/clip-one/assets/plugins/gritter/images/ie-spacer.gif]
[www.cliptheme.com/preview/admin/clip-one/assets/plugins/gritter/images/gritter.png]
[www.cliptheme.com/preview/admin/clip-one/assets/plugins/gritter/images/gritter-light.png]
[www.cliptheme.com/preview/admin/clip-one/assets/plugins/gritter/css/jquery.gritter.css]
[www.cliptheme.com/preview/admin/clip-one/assets/plugins/flot/jquery.flot.js]
[www.cliptheme.com/preview/admin/clip-one/assets/plugins/flot/jquery.flot.pie.js]
[www.cliptheme.com/preview/admin/clip-one/assets/plugins/flot/jquery.flot.resize.min.js]
[www.cliptheme.com/preview/admin/clip-one/assets/plugins/jquery.sparkline/jquery.sparkline.js]
[www.cliptheme.com/preview/admin/clip-one/assets/plugins/jquery-easy-pie-chart/jquery.easy-pie-chart.js]
[www.cliptheme.com/preview/admin/clip-one/assets/plugins/jquery-ui-touch-punch/jquery.ui.touch-punch.min.js]
[www.cliptheme.com/preview/admin/clip-one/assets/plugins/fullcalendar/fullcalendar/fullcalendar.js]
[www.cliptheme.com/preview/admin/clip-one/assets/js/index.js]
[www.cliptheme.com/preview/admin/clip-one/index.html]
[www.cliptheme.com/preview/admin/clip-one/pages_messages.html]
[www.cliptheme.com/preview/admin/clip-one/assets/images/avatar-1-xl.jpg]
[www.cliptheme.com/preview/admin/clip-one/assets/plugins/bootstrap-fileupload/bootstrap-fileupload.min.js]
[www.cliptheme.com/preview/admin/clip-one/assets/js/pages-user-profile.js]
[www.cliptheme.com/preview/admin/clip-one/pages_user_profile.html]
[www.cliptheme.com/preview/admin/clip-one/assets/plugins/bootstrap-modal/js/bootstrap-modal.js]
[www.cliptheme.com/preview/admin/clip-one/assets/plugins/bootstrap-modal/js/bootstrap-modalmanager.js]
[www.cliptheme.com/preview/admin/clip-one/assets/js/form-calendar.js]
[www.cliptheme.com/preview/admin/clip-one/pages_calendar.html]
[www.cliptheme.com/preview/admin/clip-one/utility_lock_screen.html]
[www.cliptheme.com/preview/admin/clip-one/assets/plugins/jquery-validation/dist/jquery.validate.min.js]
[www.cliptheme.com/preview/admin/clip-one/assets/js/login.js]
[www.cliptheme.com/preview/admin/clip-one/login_example1.html]
[www.cliptheme.com/preview/admin/clip-one/layouts_horizontal_menu1.html]
[www.cliptheme.com/preview/admin/clip-one/layouts_sidebar_closed.html]
[www.cliptheme.com/preview/admin/clip-one/layouts_boxed_layout.html]
[www.cliptheme.com/preview/admin/clip-one/layouts_footer_fixed.html]
[www.cliptheme.com/preview/admin/clip-one/assets/plugins/ladda-bootstrap/dist/spin.min.js]
[www.cliptheme.com/preview/admin/clip-one/assets/plugins/ladda-bootstrap/dist/ladda.min.js]
[www.cliptheme.com/preview/admin/clip-one/assets/plugins/bootstrap-switch/static/js/bootstrap-switch.min.js]
[www.cliptheme.com/preview/admin/clip-one/assets/js/ui-buttons.js]
[www.cliptheme.com/preview/admin/clip-one/ui_buttons.html]
[www.cliptheme.com/preview/admin/clip-one/assets/js/ui-animation.js]
[www.cliptheme.com/preview/admin/clip-one/ui_animations.html]
[i.imgur.com/KwPYo.jpg]
[www.cliptheme.com/preview/admin/clip-one/assets/js/ui-modals.js]
[www.cliptheme.com/preview/admin/clip-one/ui_modals.html]
[www.cliptheme.com/preview/admin/clip-one/ui_tabs_accordions.html]
[www.cliptheme.com/preview/admin/clip-one/assets/plugins/jquery-ui/jquery-ui-1.10.1.custom.min.js]
[www.cliptheme.com/preview/admin/clip-one/assets/plugins/jQRangeSlider/jQAllRangeSliders-min.js]
[www.cliptheme.com/preview/admin/clip-one/assets/plugins/jQuery-Knob/js/jquery.knob.js]
[www.cliptheme.com/preview/admin/clip-one/assets/js/ui-sliders.js]
[www.cliptheme.com/preview/admin/clip-one/ui_sliders.html]
[www.cliptheme.com/preview/admin/clip-one/assets/plugins/dynatree/src/jquery.dynatree.js]
[www.cliptheme.com/preview/admin/clip-one/assets/js/ui-treeview.js]
[www.cliptheme.com/preview/admin/clip-one/ui_treeview.html]
[www.cliptheme.com/preview/admin/clip-one/assets/plugins/nestable/jquery.nestable.js]
[www.cliptheme.com/preview/admin/clip-one/assets/js/ui-nestable.js]
[www.cliptheme.com/preview/admin/clip-one/ui_nestable.html]
[www.cliptheme.com/preview/admin/clip-one/ui_typography.html]
[www.cliptheme.com/preview/admin/clip-one/table_static.html]
[www.cliptheme.com/preview/admin/clip-one/table_responsive.html]
[www.cliptheme.com/preview/admin/clip-one/assets/plugins/bootbox/bootbox.min.js]
[www.cliptheme.com/preview/admin/clip-one/assets/plugins/jquery-mockjax/jquery.mockjax.js]
[www.cliptheme.com/preview/admin/clip-one/assets/plugins/select2/select2.min.js]
[www.cliptheme.com/preview/admin/clip-one/assets/plugins/DataTables/media/js/jquery.dataTables.min.js]
[www.cliptheme.com/preview/admin/clip-one/assets/plugins/DataTables/media/js/DT_bootstrap.js]
[www.cliptheme.com/preview/admin/clip-one/assets/js/table-data.js]
[www.cliptheme.com/preview/admin/clip-one/table_data.html]
[www.cliptheme.com/preview/admin/clip-one/assets/plugins/tableExport/tableExport.js]
[www.cliptheme.com/preview/admin/clip-one/assets/plugins/tableExport/jquery.base64.js]
[www.cliptheme.com/preview/admin/clip-one/assets/plugins/tableExport/html2canvas.js]
[www.cliptheme.com/preview/admin/clip-one/assets/plugins/tableExport/jspdf/libs/sprintf.js]
[www.cliptheme.com/preview/admin/clip-one/assets/plugins/tableExport/jspdf/jspdf.js]
[www.cliptheme.com/preview/admin/clip-one/assets/plugins/tableExport/jspdf/libs/base64.js]
[www.cliptheme.com/preview/admin/clip-one/assets/js/table-export.js]
[www.cliptheme.com/preview/admin/clip-one/table_export.html]
[www.cliptheme.com/preview/admin/clip-one/assets/plugins/jquery-inputlimiter/jquery.inputlimiter.1.3.1.min.js]
[www.cliptheme.com/preview/admin/clip-one/assets/plugins/autosize/jquery.autosize.min.js]
[www.cliptheme.com/preview/admin/clip-one/assets/plugins/jquery.maskedinput/src/jquery.maskedinput.js]
[www.cliptheme.com/preview/admin/clip-one/assets/plugins/jquery-maskmoney/jquery.maskMoney.js]
[www.cliptheme.com/preview/admin/clip-one/assets/plugins/bootstrap-datepicker/js/bootstrap-datepicker.js]
[www.cliptheme.com/preview/admin/clip-one/assets/plugins/bootstrap-timepicker/js/bootstrap-timepicker.min.js]
[www.cliptheme.com/preview/admin/clip-one/assets/plugins/bootstrap-daterangepicker/moment.min.js]
[www.cliptheme.com/preview/admin/clip-one/assets/plugins/bootstrap-daterangepicker/daterangepicker.js]
[www.cliptheme.com/preview/admin/clip-one/assets/plugins/bootstrap-colorpicker/js/bootstrap-colorpicker.js]
[www.cliptheme.com/preview/admin/clip-one/assets/plugins/bootstrap-colorpicker/js/commits.js]
[www.cliptheme.com/preview/admin/clip-one/assets/plugins/jQuery-Tags-Input/jquery.tagsinput.js]
[www.cliptheme.com/preview/admin/clip-one/assets/plugins/summernote/build/summernote.min.js]
[www.cliptheme.com/preview/admin/clip-one/assets/plugins/ckeditor/ckeditor.js]
[www.cliptheme.com/preview/admin/clip-one/assets/plugins/ckeditor/adapters/jquery.js]
[www.cliptheme.com/preview/admin/clip-one/assets/js/form-elements.js]
[www.cliptheme.com/preview/admin/clip-one/form_elements.html]
[www.cliptheme.com/preview/admin/clip-one/assets/plugins/jQuery-Smart-Wizard/js/jquery.smartWizard.js]
[www.cliptheme.com/preview/admin/clip-one/assets/js/form-wizard.js]
[www.cliptheme.com/preview/admin/clip-one/form_wizard.html]
[www.cliptheme.com/preview/admin/clip-one/assets/js/form-validation.js]
[www.cliptheme.com/preview/admin/clip-one/form_validation.html]
[www.cliptheme.com/preview/admin/clip-one/form_inline.html]
[www.cliptheme.com/preview/admin/clip-one/assets/plugins/moment/moment.js]
[www.cliptheme.com/preview/admin/clip-one/assets/plugins/bootstrap-datetimepicker/js/bootstrap-datetimepicker.min.js]
[www.cliptheme.com/preview/admin/clip-one/assets/plugins/x-editable/js/bootstrap-editable.min.js]
[www.cliptheme.com/preview/admin/clip-one/assets/plugins/typeaheadjs/typeaheadjs.js]
[www.cliptheme.com/preview/admin/clip-one/assets/plugins/typeaheadjs/lib/typeahead.js]
[www.cliptheme.com/preview/admin/clip-one/assets/plugins/jquery-address/address.js]
[www.cliptheme.com/preview/admin/clip-one/assets/plugins/wysihtml5/bootstrap-wysihtml5-0.0.2/wysihtml5-0.3.0.min.js]
[www.cliptheme.com/preview/admin/clip-one/assets/plugins/wysihtml5/bootstrap-wysihtml5-0.0.2/bootstrap-wysihtml5.js]
[www.cliptheme.com/preview/admin/clip-one/assets/plugins/wysihtml5/wysihtml5.js]
[www.cliptheme.com/preview/admin/clip-one/assets/plugins/x-editable/demo-mock.js]
[www.cliptheme.com/preview/admin/clip-one/assets/plugins/x-editable/demo.js]
[www.cliptheme.com/preview/admin/clip-one/form_x_editable.html]
[www.cliptheme.com/preview/admin/clip-one/assets/plugins/Jcrop/demos/demo_files/sago.jpg]
[www.cliptheme.com/preview/admin/clip-one/assets/plugins/Jcrop/demos/demo_files/pool.jpg]
[www.cliptheme.com/preview/admin/clip-one/assets/plugins/Jcrop/js/jquery.Jcrop.min.js]
[www.cliptheme.com/preview/admin/clip-one/assets/plugins/Jcrop/js/jquery.color.js]
[www.cliptheme.com/preview/admin/clip-one/assets/js/form-image-cropping.js]
[www.cliptheme.com/preview/admin/clip-one/form_image_cropping.html]
[www.cliptheme.com/preview/admin/clip-one/assets/plugins/jQuery-File-Upload/js/vendor/jquery.ui.widget.js]
[blueimp.github.io/JavaScript-Templates/js/tmpl.min.js]
[blueimp.github.io/JavaScript-Load-Image/js/load-image.min.js]
[blueimp.github.io/JavaScript-Canvas-to-Blob/js/canvas-to-blob.min.js]
[www.cliptheme.com/preview/admin/clip-one/assets/plugins/jQuery-File-Upload/js/jquery.iframe-transport.js]
[www.cliptheme.com/preview/admin/clip-one/assets/plugins/jQuery-File-Upload/js/jquery.fileupload.js]
[blueimp.github.io/Gallery/js/jquery.blueimp-gallery.min.js]
[www.cliptheme.com/preview/admin/clip-one/assets/plugins/jQuery-File-Upload/js/jquery.fileupload-process.js]
[www.cliptheme.com/preview/admin/clip-one/assets/plugins/jQuery-File-Upload/js/jquery.fileupload-image.js]
[www.cliptheme.com/preview/admin/clip-one/assets/plugins/jQuery-File-Upload/js/jquery.fileupload-audio.js]
[www.cliptheme.com/preview/admin/clip-one/assets/plugins/jQuery-File-Upload/js/jquery.fileupload-video.js]
[www.cliptheme.com/preview/admin/clip-one/assets/plugins/jQuery-File-Upload/js/jquery.fileupload-validate.js]
[www.cliptheme.com/preview/admin/clip-one/assets/plugins/jQuery-File-Upload/js/jquery.fileupload-ui.js]
[www.cliptheme.com/preview/admin/clip-one/assets/plugins/jQuery-File-Upload/js/main.js]
[www.cliptheme.com/preview/admin/clip-one/form_multiple_upload.html]
[www.cliptheme.com/preview/admin/clip-one/assets/plugins/dropzone/downloads/dropzone.min.js]
[www.cliptheme.com/preview/admin/clip-one/assets/js/form-dropzone.js]
[www.cliptheme.com/preview/admin/clip-one/form_dropzone.html]
[www.cliptheme.com/preview/admin/clip-one/login_example2.html]
[www.cliptheme.com/preview/admin/clip-one/assets/images/your-logo-here.png]
[www.cliptheme.com/preview/admin/clip-one/pages_invoice.html]
[www.cliptheme.com/preview/admin/clip-one/assets/images/image01.jpg]
[www.cliptheme.com/preview/admin/clip-one/assets/images/image02.jpg]
[www.cliptheme.com/preview/admin/clip-one/assets/images/image03.jpg]
[www.cliptheme.com/preview/admin/clip-one/assets/images/image04.jpg]
[www.cliptheme.com/preview/admin/clip-one/assets/images/image05.jpg]
[www.cliptheme.com/preview/admin/clip-one/assets/images/image06.jpg]
[www.cliptheme.com/preview/admin/clip-one/assets/images/image07.jpg]
[www.cliptheme.com/preview/admin/clip-one/assets/images/image08.jpg]
[www.cliptheme.com/preview/admin/clip-one/assets/images/image09.jpg]
[www.cliptheme.com/preview/admin/clip-one/assets/images/image10.jpg]
[www.cliptheme.com/preview/admin/clip-one/assets/images/image11.jpg]
[www.cliptheme.com/preview/admin/clip-one/assets/images/image12.jpg]
[www.cliptheme.com/preview/admin/clip-one/assets/plugins/colorbox/jquery.colorbox-min.js]
[www.cliptheme.com/preview/admin/clip-one/assets/js/pages-gallery.js]
[www.cliptheme.com/preview/admin/clip-one/pages_gallery.html]
[www.cliptheme.com/preview/admin/clip-one/pages_timeline.html]
[www.cliptheme.com/preview/admin/clip-one/pages_blank_page.html]
[www.cliptheme.com/preview/admin/clip-one/utility_faq.html]
[www.cliptheme.com/preview/admin/clip-one/utility_search_result.html]
[www.cliptheme.com/preview/admin/clip-one/utility_404_example1.html]
[www.cliptheme.com/preview/admin/clip-one/utility_404_example2.html]
[www.cliptheme.com/preview/admin/clip-one/assets/plugins/rainyday/rainyday.js]
[www.cliptheme.com/preview/admin/clip-one/assets/js/utility-error404.js]
[www.cliptheme.com/preview/admin/clip-one/utility_404_example3.html]
[www.cliptheme.com/preview/admin/clip-one/utility_500_example1.html]
[www.cliptheme.com/preview/admin/clip-one/utility_500_example2.html]
[www.cliptheme.com/preview/admin/clip-one/utility_pricing_table.html]
[www.cliptheme.com/preview/admin/clip-one/assets/js/utility-coming-soon.js]
[www.cliptheme.com/preview/admin/clip-one/utility_coming_soon.html]
[www.cliptheme.com/preview/admin/clip-one/assets/plugins/gmaps/gmaps.js]
[www.cliptheme.com/preview/admin/clip-one/assets/js/maps.js]
[www.cliptheme.com/preview/admin/clip-one/maps.html]
[ajax.googleapis.com/ajax/libs/jquery/2.0.3/jquery.min.js]
[www.cliptheme.com/preview/admin/clip-one/assets/plugins/flot/jquery.flot.resize.js]
[www.cliptheme.com/preview/admin/clip-one/assets/plugins/flot/jquery.flot.categories.js]
[www.cliptheme.com/preview/admin/clip-one/assets/js/charts.js]
[www.cliptheme.com/preview/admin/clip-one/charts.html]
[www.cliptheme.com/preview/admin/clip-one/assets/plugins/bootstrap/fonts/glyphicons-halflings-regular.svg]
[www.cliptheme.com/preview/admin/clip-one/assets/plugins/font-awesome/fonts/fontawesome-webfont862f.svg]
[www.cliptheme.com/preview/admin/clip-one/assets/fonts/fonts/clip-font.svg]
[www.cliptheme.com/preview/admin/clip-one/assets/plugins/iCheck/skins/minimal/minimal.png]
[www.cliptheme.com/preview/admin/clip-one/assets/plugins/iCheck/skins/minimal/minimal@2x.png]
[www.cliptheme.com/preview/admin/clip-one/assets/plugins/iCheck/skins/minimal/red.png]
[www.cliptheme.com/preview/admin/clip-one/assets/plugins/iCheck/skins/minimal/red@2x.png]
[www.cliptheme.com/preview/admin/clip-one/assets/plugins/iCheck/skins/minimal/green.png]
[www.cliptheme.com/preview/admin/clip-one/assets/plugins/iCheck/skins/minimal/green@2x.png]
[www.cliptheme.com/preview/admin/clip-one/assets/plugins/iCheck/skins/minimal/blue.png]
[www.cliptheme.com/preview/admin/clip-one/assets/plugins/iCheck/skins/minimal/blue@2x.png]
[www.cliptheme.com/preview/admin/clip-one/assets/plugins/iCheck/skins/minimal/aero.png]
[www.cliptheme.com/preview/admin/clip-one/assets/plugins/iCheck/skins/minimal/aero@2x.png]
[www.cliptheme.com/preview/admin/clip-one/assets/plugins/iCheck/skins/minimal/grey.png]
[www.cliptheme.com/preview/admin/clip-one/assets/plugins/iCheck/skins/minimal/grey@2x.png]
[www.cliptheme.com/preview/admin/clip-one/assets/plugins/iCheck/skins/minimal/orange.png]
[www.cliptheme.com/preview/admin/clip-one/assets/plugins/iCheck/skins/minimal/orange@2x.png]
[www.cliptheme.com/preview/admin/clip-one/assets/plugins/iCheck/skins/minimal/yellow.png]
[www.cliptheme.com/preview/admin/clip-one/assets/plugins/iCheck/skins/minimal/yellow@2x.png]
[www.cliptheme.com/preview/admin/clip-one/assets/plugins/iCheck/skins/minimal/pink.png]
[www.cliptheme.com/preview/admin/clip-one/assets/plugins/iCheck/skins/minimal/pink@2x.png]
[www.cliptheme.com/preview/admin/clip-one/assets/plugins/iCheck/skins/minimal/purple.png]
[www.cliptheme.com/preview/admin/clip-one/assets/plugins/iCheck/skins/minimal/purple@2x.png]
[www.cliptheme.com/preview/admin/clip-one/assets/plugins/iCheck/skins/minimal/_all.css]
[www.cliptheme.com/preview/admin/clip-one/assets/plugins/iCheck/skins/square/square.png]
[www.cliptheme.com/preview/admin/clip-one/assets/plugins/iCheck/skins/square/square@2x.png]
[www.cliptheme.com/preview/admin/clip-one/assets/plugins/iCheck/skins/square/red.png]
[www.cliptheme.com/preview/admin/clip-one/assets/plugins/iCheck/skins/square/red@2x.png]
[www.cliptheme.com/preview/admin/clip-one/assets/plugins/iCheck/skins/square/green.png]
[www.cliptheme.com/preview/admin/clip-one/assets/plugins/iCheck/skins/square/green@2x.png]
[www.cliptheme.com/preview/admin/clip-one/assets/plugins/iCheck/skins/square/blue.png]
[www.cliptheme.com/preview/admin/clip-one/assets/plugins/iCheck/skins/square/blue@2x.png]
[www.cliptheme.com/preview/admin/clip-one/assets/plugins/iCheck/skins/square/aero.png]
[www.cliptheme.com/preview/admin/clip-one/assets/plugins/iCheck/skins/square/aero@2x.png]
[www.cliptheme.com/preview/admin/clip-one/assets/plugins/iCheck/skins/square/grey.png]
[www.cliptheme.com/preview/admin/clip-one/assets/plugins/iCheck/skins/square/grey@2x.png]
[www.cliptheme.com/preview/admin/clip-one/assets/plugins/iCheck/skins/square/orange.png]
[www.cliptheme.com/preview/admin/clip-one/assets/plugins/iCheck/skins/square/orange@2x.png]
[www.cliptheme.com/preview/admin/clip-one/assets/plugins/iCheck/skins/square/yellow.png]
[www.cliptheme.com/preview/admin/clip-one/assets/plugins/iCheck/skins/square/yellow@2x.png]
[www.cliptheme.com/preview/admin/clip-one/assets/plugins/iCheck/skins/square/pink.png]
[www.cliptheme.com/preview/admin/clip-one/assets/plugins/iCheck/skins/square/pink@2x.png]
[www.cliptheme.com/preview/admin/clip-one/assets/plugins/iCheck/skins/square/purple.png]
[www.cliptheme.com/preview/admin/clip-one/assets/plugins/iCheck/skins/square/purple@2x.png]
[www.cliptheme.com/preview/admin/clip-one/assets/plugins/iCheck/skins/square/_all.css]
[www.cliptheme.com/preview/admin/clip-one/assets/plugins/iCheck/skins/flat/flat.png]
[www.cliptheme.com/preview/admin/clip-one/assets/plugins/iCheck/skins/flat/flat@2x.png]
[www.cliptheme.com/preview/admin/clip-one/assets/plugins/iCheck/skins/flat/red.png]
[www.cliptheme.com/preview/admin/clip-one/assets/plugins/iCheck/skins/flat/red@2x.png]
[www.cliptheme.com/preview/admin/clip-one/assets/plugins/iCheck/skins/flat/green.png]
[www.cliptheme.com/preview/admin/clip-one/assets/plugins/iCheck/skins/flat/green@2x.png]
[www.cliptheme.com/preview/admin/clip-one/assets/plugins/iCheck/skins/flat/blue.png]
[www.cliptheme.com/preview/admin/clip-one/assets/plugins/iCheck/skins/flat/blue@2x.png]
[www.cliptheme.com/preview/admin/clip-one/assets/plugins/iCheck/skins/flat/aero.png]
[www.cliptheme.com/preview/admin/clip-one/assets/plugins/iCheck/skins/flat/aero@2x.png]
[www.cliptheme.com/preview/admin/clip-one/assets/plugins/iCheck/skins/flat/grey.png]
[www.cliptheme.com/preview/admin/clip-one/assets/plugins/iCheck/skins/flat/grey@2x.png]
[www.cliptheme.com/preview/admin/clip-one/assets/plugins/iCheck/skins/flat/orange.png]
[www.cliptheme.com/preview/admin/clip-one/assets/plugins/iCheck/skins/flat/orange@2x.png]
[www.cliptheme.com/preview/admin/clip-one/assets/plugins/iCheck/skins/flat/yellow.png]
[www.cliptheme.com/preview/admin/clip-one/assets/plugins/iCheck/skins/flat/yellow@2x.png]
[www.cliptheme.com/preview/admin/clip-one/assets/plugins/iCheck/skins/flat/pink.png]
[www.cliptheme.com/preview/admin/clip-one/assets/plugins/iCheck/skins/flat/pink@2x.png]
[www.cliptheme.com/preview/admin/clip-one/assets/plugins/iCheck/skins/flat/purple.png]
[www.cliptheme.com/preview/admin/clip-one/assets/plugins/iCheck/skins/flat/purple@2x.png]
[www.cliptheme.com/preview/admin/clip-one/assets/plugins/iCheck/skins/flat/_all.css]
[www.cliptheme.com/preview/admin/clip-one/assets/plugins/iCheck/skins/line/line.png]
[www.cliptheme.com/preview/admin/clip-one/assets/plugins/iCheck/skins/line/line@2x.png]
[www.cliptheme.com/preview/admin/clip-one/assets/plugins/iCheck/skins/line/_all.css]
[www.cliptheme.com/preview/admin/clip-one/assets/plugins/iCheck/skins/polaris/polaris.png]
[www.cliptheme.com/preview/admin/clip-one/assets/plugins/iCheck/skins/polaris/polaris@2x.png]
[www.cliptheme.com/preview/admin/clip-one/assets/plugins/iCheck/skins/polaris/polaris.css]
[www.cliptheme.com/preview/admin/clip-one/assets/plugins/iCheck/skins/futurico/futurico.png]
[www.cliptheme.com/preview/admin/clip-one/assets/plugins/iCheck/skins/futurico/futurico@2x.png]
[www.cliptheme.com/preview/admin/clip-one/assets/plugins/iCheck/skins/futurico/futurico.css]
[www.cliptheme.com/preview/admin/clip-one/assets/plugins/fullcalendar/fullcalendar/fullcalendar.css]
[www.cliptheme.com/preview/admin/clip-one/assets/plugins/bootstrap-fileupload/bootstrap-fileupload.min.css]
[www.cliptheme.com/preview/admin/clip-one/assets/plugins/bootstrap-social-buttons/social-buttons-3.css]
[www.cliptheme.com/preview/admin/clip-one/assets/plugins/bootstrap-modal/css/bootstrap-modal-bs3patch.css]
[www.cliptheme.com/preview/admin/clip-one/assets/plugins/bootstrap-modal/css/bootstrap-modal.css]
[www.cliptheme.com/preview/admin/clip-one/login_example16255.html]
[www.cliptheme.com/preview/admin/clip-one/login_example16cf4.html]
[www.cliptheme.com/preview/admin/clip-one/login_example1acc1.html]
[www.cliptheme.com/preview/admin/clip-one/assets/plugins/ladda-bootstrap/dist/ladda-themeless.min.css]
[www.cliptheme.com/preview/admin/clip-one/assets/plugins/bootstrap-switch/static/stylesheets/bootstrap-switch.css]
[www.cliptheme.com/preview/admin/clip-one/assets/plugins/css3-animation/animations.css]
[www.cliptheme.com/preview/admin/clip-one/ui_tabs_accordions132b.html]
[www.cliptheme.com/preview/admin/clip-one/ui_tabs_accordionsb06d.html]
[www.cliptheme.com/preview/admin/clip-one/assets/plugins/jquery-ui/images/animated-overlay.gif]
[www.cliptheme.com/preview/admin/clip-one/assets/plugins/jquery-ui/images/ui-bg_highlight-soft_100_eeeeee_1x100.png]
[www.cliptheme.com/preview/admin/clip-one/assets/plugins/jquery-ui/images/ui-bg_gloss-wave_35_f6a828_500x100.png]
[www.cliptheme.com/preview/admin/clip-one/assets/plugins/jquery-ui/images/ui-bg_glass_100_f6f6f6_1x400.png]
[www.cliptheme.com/preview/admin/clip-one/assets/plugins/jquery-ui/images/ui-bg_glass_100_fdf5ce_1x400.png]
[www.cliptheme.com/preview/admin/clip-one/assets/plugins/jquery-ui/images/ui-bg_glass_65_ffffff_1x400.png]
[www.cliptheme.com/preview/admin/clip-one/assets/plugins/jquery-ui/images/ui-bg_highlight-soft_75_ffe45c_1x100.png]
[www.cliptheme.com/preview/admin/clip-one/assets/plugins/jquery-ui/images/ui-bg_diagonals-thick_18_b81900_40x40.png]
[www.cliptheme.com/preview/admin/clip-one/assets/plugins/jquery-ui/images/ui-icons_222222_256x240.png]
[www.cliptheme.com/preview/admin/clip-one/assets/plugins/jquery-ui/images/ui-icons_ffffff_256x240.png]
[www.cliptheme.com/preview/admin/clip-one/assets/plugins/jquery-ui/images/ui-icons_ef8c08_256x240.png]
[www.cliptheme.com/preview/admin/clip-one/assets/plugins/jquery-ui/images/ui-icons_228ef1_256x240.png]
[www.cliptheme.com/preview/admin/clip-one/assets/plugins/jquery-ui/images/ui-icons_ffd27a_256x240.png]
[www.cliptheme.com/preview/admin/clip-one/assets/plugins/jquery-ui/images/ui-bg_diagonals-thick_20_666666_40x40.png]
[www.cliptheme.com/preview/admin/clip-one/assets/plugins/jquery-ui/images/ui-bg_flat_10_000000_40x100.png]
[www.cliptheme.com/preview/admin/clip-one/assets/plugins/jquery-ui/jquery-ui-1.10.1.custom.min.css]
[www.cliptheme.com/preview/admin/clip-one/assets/plugins/jQRangeSlider/css/icons-classic/resultset_previous.png]
[www.cliptheme.com/preview/admin/clip-one/assets/plugins/jQRangeSlider/css/icons-classic/resultset_next.png]
[www.cliptheme.com/preview/admin/clip-one/assets/plugins/jQRangeSlider/css/icons-classic/label.png]
[www.cliptheme.com/preview/admin/clip-one/assets/plugins/jQRangeSlider/css/classic-min.css]
[www.cliptheme.com/preview/admin/clip-one/assets/plugins/dynatree/src/skin-vista/icons.gif]
[www.cliptheme.com/preview/admin/clip-one/assets/plugins/dynatree/src/skin-vista/loading.gif]
[www.cliptheme.com/preview/admin/clip-one/assets/plugins/dynatree/src/skin-vista/ui.dynatree.css]
[www.cliptheme.com/preview/admin/clip-one/assets/plugins/select2/select2.png]
[www.cliptheme.com/preview/admin/clip-one/assets/plugins/select2/select2-spinner.gif]
[www.cliptheme.com/preview/admin/clip-one/assets/plugins/select2/select2x2.png]
[www.cliptheme.com/preview/admin/clip-one/assets/plugins/select2/select2.css]
[www.cliptheme.com/preview/admin/clip-one/assets/plugins/DataTables/media/css/images/sort_both.png]
[www.cliptheme.com/preview/admin/clip-one/assets/plugins/DataTables/media/css/images/sort_asc.png]
[www.cliptheme.com/preview/admin/clip-one/assets/plugins/DataTables/media/css/images/sort_desc.png]
[www.cliptheme.com/preview/admin/clip-one/assets/plugins/DataTables/media/css/images/sort_asc_disabled.png]
[www.cliptheme.com/preview/admin/clip-one/assets/plugins/DataTables/media/css/images/sort_desc_disabled.png]
[www.cliptheme.com/preview/admin/clip-one/assets/plugins/DataTables/media/css/DT_bootstrap.css]
[www.cliptheme.com/preview/admin/clip-one/assets/plugins/datepicker/css/datepicker.css]
[www.cliptheme.com/preview/admin/clip-one/assets/plugins/bootstrap-timepicker/css/bootstrap-timepicker.min.css]
[www.cliptheme.com/preview/admin/clip-one/assets/plugins/bootstrap-daterangepicker/daterangepicker-bs3.css]
[www.cliptheme.com/preview/admin/clip-one/assets/plugins/bootstrap-colorpicker/img/bootstrap-colorpicker/saturation.png]
[www.cliptheme.com/preview/admin/clip-one/assets/plugins/bootstrap-colorpicker/img/bootstrap-colorpicker/hue.png]
[www.cliptheme.com/preview/admin/clip-one/assets/plugins/bootstrap-colorpicker/img/bootstrap-colorpicker/alpha.png]
[www.cliptheme.com/preview/admin/clip-one/assets/plugins/bootstrap-colorpicker/css/bootstrap-colorpicker.css]
[www.cliptheme.com/preview/admin/clip-one/assets/plugins/jQuery-Tags-Input/jquery.tagsinput.css]
[www.cliptheme.com/preview/admin/clip-one/assets/plugins/summernote/build/summernote.css]
[www.cliptheme.com/preview/admin/clip-one/assets/plugins/bootstrap-datetimepicker/css/datetimepicker.css]
[www.cliptheme.com/preview/admin/clip-one/assets/plugins/x-editable/img/loading.gif]
[www.cliptheme.com/preview/admin/clip-one/assets/plugins/x-editable/img/clear.png]
[www.cliptheme.com/preview/admin/clip-one/assets/plugins/x-editable/css/bootstrap-editable.css]
[www.cliptheme.com/preview/admin/clip-one/assets/plugins/typeaheadjs/lib/typeahead.js-bootstrap.css]
[www.cliptheme.com/preview/admin/clip-one/assets/plugins/jquery-address/address.css]
[www.cliptheme.com/preview/admin/clip-one/assets/plugins/wysihtml5/bootstrap-wysihtml5-0.0.2/bootstrap-wysihtml5-0.0.2.css]
[www.cliptheme.com/preview/admin/clip-one/assets/plugins/wysihtml5/bootstrap-wysihtml5-0.0.2/wysiwyg-color.css]
[www.cliptheme.com/preview/admin/clip-one/assets/plugins/Jcrop/css/Jcrop.gif]
[www.cliptheme.com/preview/admin/clip-one/assets/plugins/Jcrop/css/jquery.Jcrop.min.css]
[www.cliptheme.com/preview/admin/clip-one/assets/plugins/jQuery-File-Upload/img/progressbar.gif]
[www.cliptheme.com/preview/admin/clip-one/assets/plugins/jQuery-File-Upload/img/loading.gif]
[www.cliptheme.com/preview/admin/clip-one/assets/plugins/jQuery-File-Upload/css/jquery.fileupload-ui.css]
[www.cliptheme.com/preview/admin/clip-one/assets/plugins/jQuery-File-Upload/css/jquery.fileupload-ui-noscript.css]
[blueimp.github.io/JavaScript-Load-Image/js/load-image.min.html]
[www.cliptheme.com/preview/admin/clip-one/assets/plugins/dropzone/downloads/images/spritemap.png]
[www.cliptheme.com/preview/admin/clip-one/assets/plugins/dropzone/downloads/images/spritemap@2x.png]
[www.cliptheme.com/preview/admin/clip-one/assets/plugins/dropzone/downloads/css/dropzone.css]
[www.cliptheme.com/preview/admin/clip-one/assets/plugins/colorbox/example2/images/loading.gif]
[www.cliptheme.com/preview/admin/clip-one/assets/plugins/colorbox/example2/images/controls.png]
[www.cliptheme.com/preview/admin/clip-one/assets/plugins/colorbox/example2/colorbox.css]
